// Jest Snapshot v1, https://goo.gl/fbAQLP

exports[`vue-tabs-component can accept a prefix and a suffix for the name 1`] = `
"
            <div id=\\"app\\"><div><div class=\\"row\\"><div class=\\"col-sm\\"><ul id=\\"myTabs\\" role=\\"tablist\\" class=\\"nav nav-tabs nav-fill\\"><li role=\\"presentation\\" class=\\"nav-item tabs-component-tab active\\"><a aria-controls=\\"#first-tab\\" aria-selected=\\"true\\" href=\\"#first-tab\\" role=\\"tab\\" class=\\"nav-link active\\">prefixFirst tabsuffix</a></li></ul></div></div> <div class=\\"tab-content\\"><div id=\\"#first-tab\\" role=\\"tabpanel\\" class=\\"tabs-component-panel tab-pane active\\" style=\\"\\">
                        First tab content
                    </div></div></div></div>
        "
`;

exports[`vue-tabs-component can mount tabs 1`] = `
"
            <div id=\\"app\\"><div><div class=\\"row\\"><div class=\\"col-sm\\"><ul id=\\"myTabs\\" role=\\"tablist\\" class=\\"nav nav-tabs nav-fill\\"><li role=\\"presentation\\" class=\\"nav-item tabs-component-tab active\\"><a aria-controls=\\"#first-tab\\" aria-selected=\\"true\\" href=\\"#first-tab\\" role=\\"tab\\" class=\\"nav-link active\\">First tab</a></li><li role=\\"presentation\\" class=\\"nav-item tabs-component-tab\\"><a aria-controls=\\"#second-tab\\" href=\\"#second-tab\\" role=\\"tab\\" class=\\"nav-link\\">Second tab</a></li><li role=\\"presentation\\" class=\\"nav-item tabs-component-tab\\"><a aria-controls=\\"#third-tab\\" href=\\"#third-tab\\" role=\\"tab\\" class=\\"nav-link\\">Third tab</a></li></ul></div></div> <div class=\\"tab-content\\"><div id=\\"#first-tab\\" role=\\"tabpanel\\" class=\\"tabs-component-panel tab-pane active\\" style=\\"\\">
                        First tab content
                    </div> <div aria-hidden=\\"true\\" id=\\"#second-tab\\" role=\\"tabpanel\\" class=\\"tabs-component-panel tab-pane active\\" style=\\"display: none;\\">
                        Second tab content
                    </div> <div aria-hidden=\\"true\\" id=\\"#third-tab\\" role=\\"tabpanel\\" class=\\"tabs-component-panel tab-pane active\\" style=\\"display: none;\\">
                        Third tab content
                    </div></div></div></div>
        "
`;

exports[`vue-tabs-component the life time of the cache can be set 1`] = `
Object {
  "vue-tabs-component.cache.blank": "{\\"value\\":\\"#first-tab\\",\\"expires\\":\\"2017-01-01T00:10:00.000Z\\"}",
}
`;

exports[`vue-tabs-component uses the fragment of the url to determine which tab to open 1`] = `
"
            <div id=\\"app\\"><div><div class=\\"row\\"><div class=\\"col-sm\\"><ul id=\\"myTabs\\" role=\\"tablist\\" class=\\"nav nav-tabs nav-fill\\"><li role=\\"presentation\\" class=\\"nav-item tabs-component-tab\\"><a aria-controls=\\"#first-tab\\" href=\\"#first-tab\\" role=\\"tab\\" class=\\"nav-link\\">First tab</a></li><li role=\\"presentation\\" class=\\"nav-item tabs-component-tab active\\"><a aria-controls=\\"#second-tab\\" aria-selected=\\"true\\" href=\\"#second-tab\\" role=\\"tab\\" class=\\"nav-link active\\">Second tab</a></li><li role=\\"presentation\\" class=\\"nav-item tabs-component-tab\\"><a aria-controls=\\"#third-tab\\" href=\\"#third-tab\\" role=\\"tab\\" class=\\"nav-link\\">Third tab</a></li></ul></div></div> <div class=\\"tab-content\\"><div aria-hidden=\\"true\\" id=\\"#first-tab\\" role=\\"tabpanel\\" class=\\"tabs-component-panel tab-pane active\\" style=\\"display: none;\\">
                        First tab content
                    </div> <div id=\\"#second-tab\\" role=\\"tabpanel\\" class=\\"tabs-component-panel tab-pane active\\" style=\\"\\">
                        Second tab content
                    </div> <div aria-hidden=\\"true\\" id=\\"#third-tab\\" role=\\"tabpanel\\" class=\\"tabs-component-panel tab-pane active\\" style=\\"display: none;\\">
                        Third tab content
                    </div></div></div></div>
        "
`;

exports[`vue-tabs-component writes the hash of the last opened tab in local storage 1`] = `
Object {
  "vue-tabs-component.cache.blank": "{\\"value\\":\\"#third-tab\\",\\"expires\\":\\"2017-01-01T00:05:00.000Z\\"}",
}
`;
